Traceback (most recent call last):
  File "C:\Users\ronaldo_mafra\AppData\Local\Packages\PythonSoftwareFoundation.Python.3.13_qbz5n2kfra8p0\LocalCache\local-packages\Python313\site-packages\agentboard\runtime.py", line 154, in _read
    value = json.loads(self.path.read_text(encoding="utf-8"))
                       ~~~~~~~~~~~~~~~~~~~^^^^^^^^^^^^^^^^^^
  File "C:\Program Files\WindowsApps\PythonSoftwareFoundation.Python.3.13_3.13.3824.0_x64__qbz5n2kfra8p0\Lib\pathlib\_local.py", line 546, in read_text
    return PathBase.read_text(self, encoding, errors, newline)
           ~~~~~~~~~~~~~~~~~~^^^^^^^^^^^^^^^^^^^^^^^^^^^^^^^^^
  File "C:\Program Files\WindowsApps\PythonSoftwareFoundation.Python.3.13_3.13.3824.0_x64__qbz5n2kfra8p0\Lib\pathlib\_abc.py", line 632, in read_text
    with self.open(mode='r', encoding=encoding, errors=errors, newline=newline) as f:
         ~~~~~~~~~^^^^^^^^^^^^^^^^^^^^^^^^^^^^^^^^^^^^^^^^^^^^^^^^^^^^^^^^^^^^^
  File "C:\Program Files\WindowsApps\PythonSoftwareFoundation.Python.3.13_3.13.3824.0_x64__qbz5n2kfra8p0\Lib\pathlib\_local.py", line 537, in open
    return io.open(self, mode, buffering, encoding, errors, newline)
           ~~~~~~~^^^^^^^^^^^^^^^^^^^^^^^^^^^^^^^^^^^^^^^^^^^^^^^^^^
FileNotFoundError: [Errno 2] No such file or directory: 'C:\\temp\\prj_temp\\CryptoView\\.agentboard\\runtime.lock'

The above exception was the direct cause of the following exception:

Traceback (most recent call last):
  File "<frozen runpy>", line 203, in _run_module_as_main
  File "<frozen runpy>", line 88, in _run_code
  File "C:\Users\ronaldo_mafra\AppData\Local\Packages\PythonSoftwareFoundation.Python.3.13_qbz5n2kfra8p0\LocalCache\local-packages\Python313\site-packages\agentboard\cli.py", line 254, in <module>
    main()
    ~~~~^^
  File "C:\Users\ronaldo_mafra\AppData\Local\Packages\PythonSoftwareFoundation.Python.3.13_qbz5n2kfra8p0\LocalCache\local-packages\Python313\site-packages\agentboard\cli.py", line 243, in main
    raise SystemExit(_runtime(args.project, args.port))
                     ~~~~~~~~^^^^^^^^^^^^^^^^^^^^^^^^^
  File "C:\Users\ronaldo_mafra\AppData\Local\Packages\PythonSoftwareFoundation.Python.3.13_qbz5n2kfra8p0\LocalCache\local-packages\Python313\site-packages\agentboard\cli.py", line 145, in _runtime
    lock.release()
    ~~~~~~~~~~~~^^
  File "C:\Users\ronaldo_mafra\AppData\Local\Packages\PythonSoftwareFoundation.Python.3.13_qbz5n2kfra8p0\LocalCache\local-packages\Python313\site-packages\agentboard\runtime.py", line 130, in release
    existing = self._read()
  File "C:\Users\ronaldo_mafra\AppData\Local\Packages\PythonSoftwareFoundation.Python.3.13_qbz5n2kfra8p0\LocalCache\local-packages\Python313\site-packages\agentboard\runtime.py", line 156, in _read
    raise RuntimeAlreadyRunningError("Runtime lock is unreadable") from exc
agentboard.runtime.RuntimeAlreadyRunningError: Runtime lock is unreadable
Traceback (most recent call last):
  File "C:\Users\ronaldo_mafra\AppData\Local\Packages\PythonSoftwareFoundation.Python.3.13_qbz5n2kfra8p0\LocalCache\local-packages\Python313\site-packages\agentboard\runtime.py", line 154, in _read
    value = json.loads(self.path.read_text(encoding="utf-8"))
                       ~~~~~~~~~~~~~~~~~~~^^^^^^^^^^^^^^^^^^
  File "C:\Program Files\WindowsApps\PythonSoftwareFoundation.Python.3.13_3.13.3824.0_x64__qbz5n2kfra8p0\Lib\pathlib\_local.py", line 546, in read_text
    return PathBase.read_text(self, encoding, errors, newline)
           ~~~~~~~~~~~~~~~~~~^^^^^^^^^^^^^^^^^^^^^^^^^^^^^^^^^
  File "C:\Program Files\WindowsApps\PythonSoftwareFoundation.Python.3.13_3.13.3824.0_x64__qbz5n2kfra8p0\Lib\pathlib\_abc.py", line 632, in read_text
    with self.open(mode='r', encoding=encoding, errors=errors, newline=newline) as f:
         ~~~~~~~~~^^^^^^^^^^^^^^^^^^^^^^^^^^^^^^^^^^^^^^^^^^^^^^^^^^^^^^^^^^^^^
  File "C:\Program Files\WindowsApps\PythonSoftwareFoundation.Python.3.13_3.13.3824.0_x64__qbz5n2kfra8p0\Lib\pathlib\_local.py", line 537, in open
    return io.open(self, mode, buffering, encoding, errors, newline)
           ~~~~~~~^^^^^^^^^^^^^^^^^^^^^^^^^^^^^^^^^^^^^^^^^^^^^^^^^^
FileNotFoundError: [Errno 2] No such file or directory: 'C:\\temp\\prj_temp\\CryptoView\\.agentboard\\runtime.lock'

The above exception was the direct cause of the following exception:

Traceback (most recent call last):
  File "<frozen runpy>", line 203, in _run_module_as_main
  File "<frozen runpy>", line 88, in _run_code
  File "C:\Users\ronaldo_mafra\AppData\Local\Packages\PythonSoftwareFoundation.Python.3.13_qbz5n2kfra8p0\LocalCache\local-packages\Python313\site-packages\agentboard\cli.py", line 254, in <module>
    main()
    ~~~~^^
  File "C:\Users\ronaldo_mafra\AppData\Local\Packages\PythonSoftwareFoundation.Python.3.13_qbz5n2kfra8p0\LocalCache\local-packages\Python313\site-packages\agentboard\cli.py", line 243, in main
    raise SystemExit(_runtime(args.project, args.port))
                     ~~~~~~~~^^^^^^^^^^^^^^^^^^^^^^^^^
  File "C:\Users\ronaldo_mafra\AppData\Local\Packages\PythonSoftwareFoundation.Python.3.13_qbz5n2kfra8p0\LocalCache\local-packages\Python313\site-packages\agentboard\cli.py", line 145, in _runtime
    lock.release()
    ~~~~~~~~~~~~^^
  File "C:\Users\ronaldo_mafra\AppData\Local\Packages\PythonSoftwareFoundation.Python.3.13_qbz5n2kfra8p0\LocalCache\local-packages\Python313\site-packages\agentboard\runtime.py", line 130, in release
    existing = self._read()
  File "C:\Users\ronaldo_mafra\AppData\Local\Packages\PythonSoftwareFoundation.Python.3.13_qbz5n2kfra8p0\LocalCache\local-packages\Python313\site-packages\agentboard\runtime.py", line 156, in _read
    raise RuntimeAlreadyRunningError("Runtime lock is unreadable") from exc
agentboard.runtime.RuntimeAlreadyRunningError: Runtime lock is unreadable
Traceback (most recent call last):
  File "<frozen runpy>", line 203, in _run_module_as_main
  File "<frozen runpy>", line 88, in _run_code
  File "C:\Users\ronaldo_mafra\AppData\Local\Packages\PythonSoftwareFoundation.Python.3.13_qbz5n2kfra8p0\LocalCache\local-packages\Python313\site-packages\agentboard\cli.py", line 254, in <module>
    main()
    ~~~~^^
  File "C:\Users\ronaldo_mafra\AppData\Local\Packages\PythonSoftwareFoundation.Python.3.13_qbz5n2kfra8p0\LocalCache\local-packages\Python313\site-packages\agentboard\cli.py", line 243, in main
    raise SystemExit(_runtime(args.project, args.port))
                     ~~~~~~~~^^^^^^^^^^^^^^^^^^^^^^^^^
  File "C:\Users\ronaldo_mafra\AppData\Local\Packages\PythonSoftwareFoundation.Python.3.13_qbz5n2kfra8p0\LocalCache\local-packages\Python313\site-packages\agentboard\cli.py", line 98, in _runtime
    app = create_app(
        project_root=identity.root,
        api_token=api_token,
        project_key=identity.key,
    )
  File "C:\Users\ronaldo_mafra\AppData\Local\Packages\PythonSoftwareFoundation.Python.3.13_qbz5n2kfra8p0\LocalCache\local-packages\Python313\site-packages\agentboard\web.py", line 166, in create_app
    board_service = service or BoardService(
                               ~~~~~~~~~~~~^
        root / policy.paths.database,
        ^^^^^^^^^^^^^^^^^^^^^^^^^^^^^
    ...<8 lines>...
        transient_max_attempts=policy.retries.transient_max_attempts,
        ^^^^^^^^^^^^^^^^^^^^^^^^^^^^^^^^^^^^^^^^^^^^^^^^^^^^^^^^^^^^^
    )
    ^
  File "<string>", line 10, in __init__
  File "C:\Users\ronaldo_mafra\AppData\Local\Packages\PythonSoftwareFoundation.Python.3.13_qbz5n2kfra8p0\LocalCache\local-packages\Python313\site-packages\agentboard\service.py", line 127, in __post_init__
    initialize(self.database_path)
    ~~~~~~~~~~^^^^^^^^^^^^^^^^^^^^
  File "C:\Users\ronaldo_mafra\AppData\Local\Packages\PythonSoftwareFoundation.Python.3.13_qbz5n2kfra8p0\LocalCache\local-packages\Python313\site-packages\agentboard\storage.py", line 313, in initialize
    raise RuntimeError(
        f"Database schema {old_version} is newer than supported {SCHEMA_VERSION}."
    )
RuntimeError: Database schema 9 is newer than supported 8.
